---
source: crates/solar-cli/tests/snapshots_of_the_screen.rs
assertion_line: 86
expression: "screen(&[\"version\"])"
---
solar          [version]
protocol       solar/1
manifest       2.1.0
commit         [build]
dirty          [build]
profile        [build]
target         [build]
compiler       [build]
